# CAND-004 command log
Thu Jul 23 21:26:14 UTC 2026
$ rg -n "GetFinalTransferCoding|FinalTransferCodingNotChunked|MultipleContentLengths|AppendContentLength|CreateMessageBody" src/Servers/Kestrel/Core/src/Internal/Http src/Servers/Kestrel/Core/test -g "*.cs"
src/Servers/Kestrel/Core/src/Internal/Http/Http1Connection.cs:861:    protected override MessageBody CreateMessageBody()
src/Servers/Kestrel/Core/src/Internal/Http/Http1Connection.cs:986:            case RequestRejectionReason.MultipleContentLengths:
src/Servers/Kestrel/Core/src/Internal/Http/HttpHeaders.cs:530:    public static TransferCoding GetFinalTransferCoding(StringValues transferEncoding)
src/Servers/Kestrel/Core/test/HttpHeadersTests.cs:220:        var transferEncodingOptions = HttpHeaders.GetFinalTransferCoding(transferEncoding);
src/Servers/Kestrel/Core/test/HttpHeadersTests.cs:241:        var transferEncodingOptions = HttpHeaders.GetFinalTransferCoding(transferEncoding);
src/Servers/Kestrel/Core/src/Internal/Http/HttpHeaders.Generated.cs:7785:                            AppendContentLength(value);
src/Servers/Kestrel/Core/src/Internal/Http/HttpHeaders.Generated.cs:7789:                            AppendContentLengthCustomEncoding(value, customEncoding);
src/Servers/Kestrel/Core/src/Internal/Http/HttpHeaders.Generated.cs:7994:                        AppendContentLength(value);
src/Servers/Kestrel/Core/src/Internal/Http/HttpHeaders.Generated.cs:7998:                        AppendContentLengthCustomEncoding(value, customEncoding);
src/Servers/Kestrel/Core/src/Internal/Http/HttpHeaders.Generated.cs:8163:                        AppendContentLength(value);
src/Servers/Kestrel/Core/src/Internal/Http/HttpHeaders.Generated.cs:8167:                        AppendContentLengthCustomEncoding(value, customEncoding);
src/Servers/Kestrel/Core/src/Internal/Http/HttpProtocol.cs:480:    protected abstract MessageBody CreateMessageBody();
src/Servers/Kestrel/Core/src/Internal/Http/HttpProtocol.cs:681:            var messageBody = CreateMessageBody();
src/Servers/Kestrel/Core/src/Internal/Http/HttpProtocol.cs:1181:            HttpHeaders.GetFinalTransferCoding(responseHeaders.HeaderTransferEncoding) != TransferCoding.Chunked)
src/Servers/Kestrel/Core/src/Internal/Http/Http1MessageBody.cs:158:            var transferCoding = HttpHeaders.GetFinalTransferCoding(transferEncoding);
src/Servers/Kestrel/Core/src/Internal/Http/Http1MessageBody.cs:168:                KestrelBadHttpRequestException.Throw(RequestRejectionReason.FinalTransferCodingNotChunked, transferEncoding);
src/Servers/Kestrel/Core/src/Internal/Http/RequestRejectionReason.cs:15:    MultipleContentLengths,
src/Servers/Kestrel/Core/src/Internal/Http/RequestRejectionReason.cs:29:    FinalTransferCodingNotChunked,
src/Servers/Kestrel/Core/src/Internal/Http/HttpRequestHeaders.cs:94:    private void AppendContentLength(ReadOnlySpan<byte> value)
src/Servers/Kestrel/Core/src/Internal/Http/HttpRequestHeaders.cs:98:            KestrelBadHttpRequestException.Throw(RequestRejectionReason.MultipleContentLengths);
src/Servers/Kestrel/Core/src/Internal/Http/HttpRequestHeaders.cs:119:    private unsafe void AppendContentLengthCustomEncoding(ReadOnlySpan<byte> value, Encoding customEncoding)
src/Servers/Kestrel/Core/src/Internal/Http/HttpRequestHeaders.cs:123:            KestrelBadHttpRequestException.Throw(RequestRejectionReason.MultipleContentLengths);
src/Servers/Kestrel/Core/test/MessageBodyTests.cs:553:            Assert.Equal(CoreStrings.FormatBadRequest_FinalTransferCodingNotChunked("chunked, not-chunked"), ex.Message);
$ sed -n 140,225p src/Servers/Kestrel/Core/src/Internal/Http/Http1MessageBody.cs
            keepAlive = keepAlive || (connectionOptions & ConnectionOptions.KeepAlive) != 0;
            keepAlive = keepAlive && (connectionOptions & ConnectionOptions.Close) == 0;
        }

        // Ignore upgrades if the request has a body. Technically it's possible to support, but we'd have to add a lot
        // more logic to allow reading/draining the normal body before the connection could be fully upgraded.
        // See https://tools.ietf.org/html/rfc7230#section-6.7, https://tools.ietf.org/html/rfc7540#section-3.2
        if (upgrade
            && headers.ContentLength.GetValueOrDefault() == 0
            && headers.HeaderTransferEncoding.Count == 0)
        {
            context.OnTrailersComplete(); // No trailers for these.
            return new Http1UpgradeMessageBody(context, keepAlive);
        }

        if (headers.HasTransferEncoding)
        {
            var transferEncoding = headers.HeaderTransferEncoding;
            var transferCoding = HttpHeaders.GetFinalTransferCoding(transferEncoding);

            // https://tools.ietf.org/html/rfc7230#section-3.3.3
            // If a Transfer-Encoding header field
            // is present in a request and the chunked transfer coding is not
            // the final encoding, the message body length cannot be determined
            // reliably; the server MUST respond with the 400 (Bad Request)
            // status code and then close the connection.
            if (transferCoding != TransferCoding.Chunked)
            {
                KestrelBadHttpRequestException.Throw(RequestRejectionReason.FinalTransferCodingNotChunked, transferEncoding);
            }

            // https://www.rfc-editor.org/rfc/rfc9112#section-6.2
            // A sender MUST NOT send a Content-Length header field in any message
            // that contains a Transfer-Encoding header field.
            // https://www.rfc-editor.org/rfc/rfc9112#section-6.3-2.3
            // If a message is received with both a Transfer-Encoding and a
            // Content-Length header field, the Transfer-Encoding overrides the
            // Content-Length. Such a message might indicate an attempt to
            // perform request smuggling (Section 11.2) or response splitting
            // (Section 11.1) and ought to be handled as an error. An intermediary
            // that chooses to forward the message MUST first remove the received
            // Content-Length field and process the Transfer-Encoding
            // (as described below) prior to forwarding the message downstream.
            // We should remove the Content-Length request header in this case, for compatibility
            // reasons, include x-Content-Length so that the original Content-Length is still available.
            if (headers.ContentLength.HasValue)
            {
                IHeaderDictionary headerDictionary = headers;

                // if user already passed X-Content-Length, we won't overwrite it
                _ = headerDictionary.TryAdd("X-Content-Length", headerDictionary[HeaderNames.ContentLength]);
                headers.ContentLength = null;

                if (!ContinueProcessingAfterCLTE)
                {
                    // https://www.rfc-editor.org/rfc/rfc9112#section-6.1
                    // A server MAY reject a request that contains both Content-Length
                    // and Transfer-Encoding or process such a request in accordance
                    // with the Transfer-Encoding alone. Regardless, the server MUST
                    // close the connection after responding to such a request to
                    // avoid the potential attacks.
                    keepAlive = false;
                }
            }

            // TODO may push more into the wrapper rather than just calling into the message body
            // NBD for now.
            return new Http1ChunkedEncodingMessageBody(context, keepAlive);
        }

        if (headers.ContentLength.HasValue)
        {
            var contentLength = headers.ContentLength.Value;

            if (contentLength == 0)
            {
                return keepAlive ? MessageBody.ZeroContentLengthKeepAlive : MessageBody.ZeroContentLengthClose;
            }

            return new Http1ContentLengthMessageBody(context, contentLength, keepAlive);
        }

        // If we got here, request contains no Content-Length or Transfer-Encoding header.
        // Reject with Length Required for HTTP 1.0.
        if (httpVersion == HttpVersion.Http10 && (context.Method == HttpMethod.Post || context.Method == HttpMethod.Put))
        {
$ sed -n 83,140p src/Servers/Kestrel/Core/src/Internal/Http/HttpRequestHeaders.cs
    private static long ParseContentLength(string value)
    {
        if (!HeaderUtilities.TryParseNonNegativeInt64(value, out var parsed))
        {
            KestrelBadHttpRequestException.Throw(RequestRejectionReason.InvalidContentLength, value);
        }

        return parsed;
    }

    [MethodImpl(MethodImplOptions.NoInlining)]
    private void AppendContentLength(ReadOnlySpan<byte> value)
    {
        if (_contentLength.HasValue)
        {
            KestrelBadHttpRequestException.Throw(RequestRejectionReason.MultipleContentLengths);
        }

        // Per RFC 9110 §8.6, Content-Length is 1*DIGIT: only ASCII digits are allowed.
        // https://www.rfc-editor.org/rfc/rfc9110.html#section-8.6
        // Utf8Parser.TryParse accepts a leading '+' or '-' sign, so ensure the first byte is a digit.
        long parsed = 0;
        if (value.IsEmpty ||
            value[0] is < (byte)'0' or > (byte)'9' ||
            !Utf8Parser.TryParse(value, out parsed, out var consumed) ||
            parsed < 0 ||
            consumed != value.Length)
        {
            KestrelBadHttpRequestException.Throw(RequestRejectionReason.InvalidContentLength, value.GetRequestHeaderString(HeaderNames.ContentLength, EncodingSelector, checkForNewlineChars: false));
        }

        _contentLength = parsed;
    }

    [MethodImpl(MethodImplOptions.NoInlining)]
    [SkipLocalsInit]
    private unsafe void AppendContentLengthCustomEncoding(ReadOnlySpan<byte> value, Encoding customEncoding)
    {
        if (_contentLength.HasValue)
        {
            KestrelBadHttpRequestException.Throw(RequestRejectionReason.MultipleContentLengths);
        }

        // long.MaxValue = 9223372036854775807 (19 chars)
        Span<char> decodedChars = stackalloc char[20];
        var numChars = customEncoding.GetChars(value, decodedChars);
        long parsed = -1;

        // Per RFC 9110 §8.6, Content-Length is 1*DIGIT. NumberStyles.None
        // https://www.rfc-editor.org/rfc/rfc9110.html#section-8.6
        // disallows leading signs and whitespace that NumberStyles.Integer would accept.
        if (numChars > 19 ||
            !long.TryParse(decodedChars.Slice(0, numChars), NumberStyles.None, CultureInfo.InvariantCulture, out parsed) ||
            parsed < 0)
        {
            KestrelBadHttpRequestException.Throw(RequestRejectionReason.InvalidContentLength, value.GetRequestHeaderString(HeaderNames.ContentLength, EncodingSelector, checkForNewlineChars: false));
        }

$ sed -n 176,235p src/Servers/Kestrel/Core/test/HttpHeadersTests.cs
    [InlineData(" , ,", (int)(TransferCoding.None))]
    [InlineData(" , , ", (int)(TransferCoding.None))]
    [InlineData("c", (int)(TransferCoding.Other))]
    [InlineData("z", (int)(TransferCoding.Other))]
    [InlineData("chunk", (int)(TransferCoding.Other))]
    [InlineData("chunked,", (int)(TransferCoding.Chunked))]
    [InlineData("chunked,,", (int)(TransferCoding.Chunked))]
    [InlineData("chunked, ", (int)(TransferCoding.Chunked))]
    [InlineData("chunked, ,", (int)(TransferCoding.Chunked))]
    [InlineData("chunked, , ", (int)(TransferCoding.Chunked))]
    [InlineData("chunked ,", (int)(TransferCoding.Chunked))]
    [InlineData(",chunked", (int)(TransferCoding.Chunked))]
    [InlineData(", chunked", (int)(TransferCoding.Chunked))]
    [InlineData(",,chunked", (int)(TransferCoding.Chunked))]
    [InlineData(", ,chunked", (int)(TransferCoding.Chunked))]
    [InlineData(",, chunked", (int)(TransferCoding.Chunked))]
    [InlineData(", , chunked", (int)(TransferCoding.Chunked))]
    [InlineData("chunked, gzip", (int)(TransferCoding.Other))]
    [InlineData("chunked,compress", (int)(TransferCoding.Other))]
    [InlineData("deflate, chunked", (int)(TransferCoding.Chunked))]
    [InlineData("gzip,chunked", (int)(TransferCoding.Chunked))]
    [InlineData("compress,,chunked", (int)(TransferCoding.Chunked))]
    [InlineData("chunked,c", (int)(TransferCoding.Other))]
    [InlineData("chunked,z", (int)(TransferCoding.Other))]
    [InlineData("chunked,zz", (int)(TransferCoding.Other))]
    [InlineData("chunked, z", (int)(TransferCoding.Other))]
    [InlineData("chunked, zz", (int)(TransferCoding.Other))]
    [InlineData("chunked,chunk", (int)(TransferCoding.Other))]
    [InlineData("z,chunked", (int)(TransferCoding.Chunked))]
    [InlineData("z, chunked", (int)(TransferCoding.Chunked))]
    [InlineData("chunkedchunked", (int)(TransferCoding.Other))]
    [InlineData("chunked2", (int)(TransferCoding.Other))]
    [InlineData("chunked 2", (int)(TransferCoding.Other))]
    [InlineData("2chunked", (int)(TransferCoding.Other))]
    [InlineData("c2unked", (int)(TransferCoding.Other))]
    [InlineData("ch2nked", (int)(TransferCoding.Other))]
    [InlineData("chunked 2, gzip", (int)(TransferCoding.Other))]
    [InlineData("chunked2, gzip", (int)(TransferCoding.Other))]
    [InlineData("gzip, chunked 2", (int)(TransferCoding.Other))]
    [InlineData("gzip, chunked2", (int)(TransferCoding.Other))]
    public void TestParseTransferEncoding(string transferEncoding, int intExpectedTransferEncodingOptions)
    {
        var expectedTransferEncodingOptions = (TransferCoding)intExpectedTransferEncodingOptions;

        var transferEncodingOptions = HttpHeaders.GetFinalTransferCoding(transferEncoding);
        Assert.Equal(expectedTransferEncodingOptions, transferEncodingOptions);
    }

    [Theory]
    [InlineData("chunked", "gzip", (int)(TransferCoding.Other))]
    [InlineData("compress", "chunked", (int)(TransferCoding.Chunked))]
    [InlineData("chunked", "", (int)(TransferCoding.Chunked))]
    [InlineData("", "chunked", (int)(TransferCoding.Chunked))]
    [InlineData("chunked, deflate", "", (int)(TransferCoding.Other))]
    [InlineData("gzip, chunked", "", (int)(TransferCoding.Chunked))]
    [InlineData("", "chunked, compress", (int)(TransferCoding.Other))]
    [InlineData("", "compress, chunked", (int)(TransferCoding.Chunked))]
    [InlineData("", "", (int)(TransferCoding.None))]
    [InlineData("deflate", "", (int)(TransferCoding.Other))]
    [InlineData("", "gzip", (int)(TransferCoding.Other))]
$ sed -n 1038,1080p src/Servers/Kestrel/Core/test/Http1/Http1ConnectionTests.cs

    [Fact]
    public void ContentLengthShouldBeRemovedWhenBothTransferEncodingAndContentLengthRequestHeadersExist()
    {
        // Arrange
        string contentLength = "1024";
        _http1Connection.RequestHeaders.Add(HeaderNames.ContentLength, contentLength);
        _http1Connection.RequestHeaders.Add(HeaderNames.TransferEncoding, "chunked");

        // Act
        Http1MessageBody.For(Kestrel.Core.Internal.Http.HttpVersion.Http11, (HttpRequestHeaders)_http1Connection.RequestHeaders, _http1Connection);

        // Assert
        Assert.True(_http1Connection.RequestHeaders.ContainsKey("X-Content-Length"));
        Assert.Equal(contentLength, _http1Connection.RequestHeaders["X-Content-Length"]);
        Assert.True(_http1Connection.RequestHeaders.ContainsKey(HeaderNames.TransferEncoding));
        Assert.Equal("chunked", _http1Connection.RequestHeaders[HeaderNames.TransferEncoding]);
        Assert.False(_http1Connection.RequestHeaders.ContainsKey(HeaderNames.ContentLength));
    }

    [Fact]
    public void ContentLengthShouldBeRemovedWhenBothTransferEncodingAndContentLengthAndXContentLengthRequestHeadersExist()
    {
        // Arrange
        string contentLength = "1024";
        string userXContentLength = "123";
        _http1Connection.RequestHeaders.Add(HeaderNames.ContentLength, contentLength);
        _http1Connection.RequestHeaders.Add(HeaderNames.TransferEncoding, "chunked");
        _http1Connection.RequestHeaders.Add("X-Content-Length", userXContentLength); // user passed this explicitly

        // Act
        Http1MessageBody.For(Kestrel.Core.Internal.Http.HttpVersion.Http11, (HttpRequestHeaders)_http1Connection.RequestHeaders, _http1Connection);

        // Assert
        Assert.True(_http1Connection.RequestHeaders.ContainsKey("X-Content-Length"));
        Assert.Equal(userXContentLength, _http1Connection.RequestHeaders["X-Content-Length"]);
        Assert.True(_http1Connection.RequestHeaders.ContainsKey(HeaderNames.TransferEncoding));
        Assert.Equal("chunked", _http1Connection.RequestHeaders[HeaderNames.TransferEncoding]);
        Assert.False(_http1Connection.RequestHeaders.ContainsKey(HeaderNames.ContentLength));
    }

    private bool TakeMessageHeaders(ReadOnlySequence<byte> readableBuffer, bool trailers, out SequencePosition consumed, out SequencePosition examined)
    {
$ test -x ./.dotnet/dotnet; echo dotnet_local:$?
dotnet_local:1
$ ./restore.sh > .security-audit/restore-20260723.log 2>&1 (terminated after repeated proxy 403 retry)
curl: (56) CONNECT tunnel failed, response 403
Failed to execute 'curl https://builds.dotnet.microsoft.com/dotnet/scripts/v1/dotnet-install.sh -sSL --verbose --retry 10 --create-dirs -o /workspace/aspnetcore/.dotnet/dotnet-install.sh'. Waiting 8 seconds before next attempt (2 out of 5).
* Uses proxy env variable no_proxy == 'localhost,127.0.0.1,::1'
* Uses proxy env variable https_proxy == 'http://proxy:8080'
* Host proxy:8080 was resolved.
* IPv6: (none)
* IPv4: 172.30.0.179, 172.30.0.179
*   Trying 172.30.0.179:8080...
* Connected to proxy (172.30.0.179) port 8080
* CONNECT tunnel: HTTP/1.1 negotiated
* allocate connect buffer
* Establish HTTP proxy tunnel to builds.dotnet.microsoft.com:443
> CONNECT builds.dotnet.microsoft.com:443 HTTP/1.1
> Host: builds.dotnet.microsoft.com:443
> User-Agent: curl/8.5.0
> Proxy-Connection: Keep-Alive
> 
< HTTP/1.1 403 Forbidden
< content-length: 9
< content-type: text/plain
< date: Thu, 23 Jul 2026 21:23:13 GMT
< server: envoy
< connection: close
< 
* CONNECT tunnel failed, response 403
* Closing connection
curl: (56) CONNECT tunnel failed, response 403
Failed to execute 'curl https://builds.dotnet.microsoft.com/dotnet/scripts/v1/dotnet-install.sh -sSL --verbose --retry 10 --create-dirs -o /workspace/aspnetcore/.dotnet/dotnet-install.sh'. Waiting 26 seconds before next attempt (3 out of 5).
* Uses proxy env variable no_proxy == 'localhost,127.0.0.1,::1'
* Uses proxy env variable https_proxy == 'http://proxy:8080'
* Host proxy:8080 was resolved.
* IPv6: (none)
* IPv4: 172.30.0.179, 172.30.0.179
*   Trying 172.30.0.179:8080...
* Connected to proxy (172.30.0.179) port 8080
* CONNECT tunnel: HTTP/1.1 negotiated
* allocate connect buffer
* Establish HTTP proxy tunnel to builds.dotnet.microsoft.com:443
> CONNECT builds.dotnet.microsoft.com:443 HTTP/1.1
> Host: builds.dotnet.microsoft.com:443
> User-Agent: curl/8.5.0
> Proxy-Connection: Keep-Alive
> 
< HTTP/1.1 403 Forbidden
< content-length: 9
< content-type: text/plain
< date: Thu, 23 Jul 2026 21:23:39 GMT
< server: envoy
< connection: close
< 
* CONNECT tunnel failed, response 403
* Closing connection
curl: (56) CONNECT tunnel failed, response 403
Failed to execute 'curl https://builds.dotnet.microsoft.com/dotnet/scripts/v1/dotnet-install.sh -sSL --verbose --retry 10 --create-dirs -o /workspace/aspnetcore/.dotnet/dotnet-install.sh'. Waiting 80 seconds before next attempt (4 out of 5).
* Uses proxy env variable no_proxy == 'localhost,127.0.0.1,::1'
* Uses proxy env variable https_proxy == 'http://proxy:8080'
* Host proxy:8080 was resolved.
* IPv6: (none)
* IPv4: 172.30.0.179, 172.30.0.179
*   Trying 172.30.0.179:8080...
* Connected to proxy (172.30.0.179) port 8080
* CONNECT tunnel: HTTP/1.1 negotiated
* allocate connect buffer
* Establish HTTP proxy tunnel to builds.dotnet.microsoft.com:443
> CONNECT builds.dotnet.microsoft.com:443 HTTP/1.1
> Host: builds.dotnet.microsoft.com:443
> User-Agent: curl/8.5.0
> Proxy-Connection: Keep-Alive
> 
< HTTP/1.1 403 Forbidden
< content-length: 9
< content-type: text/plain
< date: Thu, 23 Jul 2026 21:24:59 GMT
< server: envoy
< connection: close
< 
* CONNECT tunnel failed, response 403
* Closing connection
curl: (56) CONNECT tunnel failed, response 403
Failed to execute 'curl https://builds.dotnet.microsoft.com/dotnet/scripts/v1/dotnet-install.sh -sSL --verbose --retry 10 --create-dirs -o /workspace/aspnetcore/.dotnet/dotnet-install.sh'. Waiting 242 seconds before next attempt (5 out of 5).
